
There are no discarded input sections

Memory Configuration

Name             Origin             Length             Attributes
_sysmem          0x0000000080000000 0x0000000008000000 axw!rl
*default*        0x0000000000000000 0xffffffffffffffff

Linker script and memory map


.text           0x0000000080000000     0x1a84
                0x0000000080000000                PROVIDE (_mmap_text_start = ABSOLUTE (.))
 *(.text.entry)
 .text.entry    0x0000000080000000      0x16c .build/bootstrap_asm.o
                0x0000000080000074                __noop
 *(.text .text.*)
 .text          0x000000008000016c       0xe2 .build/initialize.o
                0x000000008000016c                initialize
 .text          0x000000008000024e       0xde .build/traps.o
                0x000000008000024e                __sys_capture_syscall
                0x000000008000025c                raise_syscall
                0x00000000800002a8                handle_exception
 .text          0x000000008000032c       0x10 .build/resched.o
                0x000000008000032c                resched
 .text          0x000000008000033c        0x0 .build/mmap.o
 .text          0x000000008000033c      0x2b0 .build/uart.o
                0x000000008000033c                __sys_putc
                0x0000000080000382                __sys_getc
                0x00000000800003e4                uart_putc
                0x0000000080000410                uart_getc
                0x0000000080000430                set_uart_interrupt
                0x00000000800004a2                uart_handler
                0x00000000800004f4                uart_init
 .text          0x00000000800005ec       0xa0 .build/plic.o
                0x00000000800005ec                plic_init
                0x0000000080000618                handle_plic
 .text          0x000000008000068c       0xca .build/timer.o
                0x000000008000068c                clk_init
                0x00000000800006b8                handle_clk
 .text          0x0000000080000756      0x698 .build/msutil.o
                0x0000000080000756                _prep_stdin
                0x00000000800007b8                syscall_tester
                0x0000000080000806                getc_tester
                0x0000000080000872                putc_tester
                0x0000000080000926                _psudoprint
                0x0000000080000968                __clear_string
                0x00000000800009fa                __test_template
                0x0000000080000b14                __test_string
                0x0000000080000bbc                _copy_string
                0x0000000080000c00                _copy_hex
                0x0000000080000cfc                _copy_dec
 .text          0x0000000080000dee      0x720 .build/ms1.o
                0x0000000080000dee                __ms1
 .text          0x000000008000150e       0x9a .build/barelib.o
                0x000000008000150e                memset
                0x000000008000155a                memcpy
 .text          0x00000000800015a8      0x2ce .build/printf.o
                0x00000000800015a8                int_print
                0x0000000080001676                hex_print
                0x0000000080001770                printf
 .text          0x0000000080001876       0x20 .build/interrupts_asm.o
                0x0000000080001876                set_interrupt
                0x000000008000187c                disable_interrupts
                0x0000000080001882                enable_interrupts
                0x0000000080001888                restore_interrupts
                0x000000008000188e                is_interrupting
 .text          0x0000000080001896      0x1ec .build/msutil_asm.o
                0x0000000080001996                _ms_recovery_status
                0x000000008000199a                _ms_recover
                0x00000000800019a4                _ms_safe_call
 .text          0x0000000080001a82        0x0 .build/bootstrap_asm.o
                0x0000000080001a84                . = ALIGN (0x4)
 *fill*         0x0000000080001a82        0x2 
                0x0000000080001a84                PROVIDE (_mmap_text_end = ABSOLUTE (.))

.rodata         0x0000000080002000      0x7eb
                0x0000000080002000                PROVIDE (_mmap_data_start = ABSOLUTE (.))
 *(.srodata .srodata.*)
 .srodata       0x0000000080002000        0x4 .build/timer.o
                0x0000000080002000                timer_interval
 *(.rodata .rodata.*)
 *fill*         0x0000000080002004        0x4 
 .rodata        0x0000000080002008       0x91 .build/initialize.o
 *fill*         0x0000000080002099        0x7 
 .rodata        0x00000000800020a0      0x74b .build/ms1.o

.eh_frame       0x00000000800027f0      0x5fc
 .eh_frame      0x00000000800027f0       0x40 .build/initialize.o
 .eh_frame      0x0000000080002830       0xb8 .build/traps.o
                                         0xc8 (size before relaxing)
 .eh_frame      0x00000000800028e8       0x28 .build/resched.o
                                         0x38 (size before relaxing)
 .eh_frame      0x0000000080002910      0x110 .build/uart.o
                                        0x120 (size before relaxing)
 .eh_frame      0x0000000080002a20       0x90 .build/plic.o
                                         0xa8 (size before relaxing)
 .eh_frame      0x0000000080002ab0       0x90 .build/timer.o
                                         0xa8 (size before relaxing)
 .eh_frame      0x0000000080002b40      0x1b0 .build/msutil.o
                                        0x1c0 (size before relaxing)
 .eh_frame      0x0000000080002cf0       0x30 .build/ms1.o
                                         0x40 (size before relaxing)
 .eh_frame      0x0000000080002d20       0x48 .build/barelib.o
                                         0x60 (size before relaxing)
 .eh_frame      0x0000000080002d68       0x84 .build/printf.o
                                         0x98 (size before relaxing)

.rela.dyn       0x0000000080002df0        0x0
 .rela.sdata    0x0000000080002df0        0x0 .build/initialize.o
 .rela.text.entry
                0x0000000080002df0        0x0 .build/initialize.o

.data           0x0000000080002df0       0xd0
                [!provide]                        PROVIDE (_mmap_write_start = ABSOLUTE (.))
 *(.sdata .sdata.*)
 .sdata         0x0000000080002df0       0x14 .build/traps.o
                0x0000000080002df0                syscall_table
                0x0000000080002df8                sys_syscall_hook
 *fill*         0x0000000080002e04        0x4 
 .sdata         0x0000000080002e08       0x38 .build/mmap.o
                0x0000000080002e08                text_start
                0x0000000080002e10                text_end
                0x0000000080002e18                data_start
                0x0000000080002e20                data_end
                0x0000000080002e28                bss_start
                0x0000000080002e30                mem_start
                0x0000000080002e38                mem_end
 .sdata         0x0000000080002e40       0x10 .build/uart.o
                0x0000000080002e40                sys_putc_hook
                0x0000000080002e48                sys_getc_hook
 .sdata         0x0000000080002e50        0x8 .build/timer.o
                0x0000000080002e50                clint_timer_addr
 .sdata         0x0000000080002e58        0xc .build/msutil.o
                0x0000000080002e58                __ms_stdout_expects
                0x0000000080002e5c                __ms_stdin_expects
                0x0000000080002e60                __ms_syscall_expects
 *(.data .data.*)
 .data          0x0000000080002e64        0x0 .build/initialize.o
 .data          0x0000000080002e64        0x0 .build/traps.o
 .data          0x0000000080002e64        0x0 .build/resched.o
 .data          0x0000000080002e64        0x0 .build/mmap.o
 .data          0x0000000080002e64        0x0 .build/uart.o
 .data          0x0000000080002e64        0x0 .build/plic.o
 .data          0x0000000080002e64        0x0 .build/timer.o
 .data          0x0000000080002e64        0x0 .build/msutil.o
 *fill*         0x0000000080002e64        0x4 
 .data          0x0000000080002e68       0x58 .build/ms1.o
                0x0000000080002e68                __ms1_general_tests
                0x0000000080002e78                __ms1_printf_tests
                0x0000000080002e98                __ms1_init_tests
 .data          0x0000000080002ec0        0x0 .build/barelib.o
 .data          0x0000000080002ec0        0x0 .build/printf.o
 .data          0x0000000080002ec0        0x0 .build/interrupts_asm.o
 .data          0x0000000080002ec0        0x0 .build/msutil_asm.o
 .data          0x0000000080002ec0        0x0 .build/bootstrap_asm.o
                0x0000000080002ec0                PROVIDE (_mmap_data_end = ABSOLUTE (.))

.bss            0x0000000080002ec0      0x898
                0x0000000080002ec0                PROVIDE (_mmap_bss_start = ABSOLUTE (.))
 *(.sbss .sbss.*)
 .sbss          0x0000000080002ec0        0x4 .build/initialize.o
                0x0000000080002ec0                boot_complete
 *fill*         0x0000000080002ec4        0x4 
 .sbss          0x0000000080002ec8       0x18 .build/msutil.o
                0x0000000080002ec8                __ms_stdout_search
                0x0000000080002ed0                oldhook_out
                0x0000000080002ed8                oldhook_in
 *(.bss .bss.*)
 .bss           0x0000000080002ee0        0x0 .build/initialize.o
 .bss           0x0000000080002ee0        0x4 .build/traps.o
 .bss           0x0000000080002ee4        0x0 .build/resched.o
 .bss           0x0000000080002ee4        0x0 .build/mmap.o
 *fill*         0x0000000080002ee4        0x4 
 .bss           0x0000000080002ee8       0x10 .build/uart.o
 .bss           0x0000000080002ef8        0x0 .build/plic.o
 .bss           0x0000000080002ef8        0x0 .build/timer.o
 .bss           0x0000000080002ef8      0x808 .build/msutil.o
 .bss           0x0000000080003700       0x58 .build/ms1.o
                0x0000000080003700                __ms1_general
                0x0000000080003710                __ms1_printf
                0x0000000080003730                __ms1_init
 .bss           0x0000000080003758        0x0 .build/barelib.o
 .bss           0x0000000080003758        0x0 .build/printf.o
 .bss           0x0000000080003758        0x0 .build/interrupts_asm.o
 .bss           0x0000000080003758        0x0 .build/msutil_asm.o
 .bss           0x0000000080003758        0x0 .build/bootstrap_asm.o
                [!provide]                        PROVIDE (_mmap_bss_end = ABSOLUTE (.))
                0x000000008000b758                . = (. + 0x8000)
                0x000000008000b758                PROVIDE (_mmap_kstack_top = ABSOLUTE (.))
                0x000000008000c758                . = (. + 0x1000)
                0x0000000080002800                PROVIDE (_mmap_global_ptr = (_mmap_data_start + 0x800))
                0x000000008000c758                PROVIDE (_mmap_mem_start = ABSOLUTE (.))
                0x0000000087ffffff                PROVIDE (_mmap_mem_end = ((ORIGIN (_sysmem) + LENGTH (_sysmem)) - 0x1))
LOAD .build/initialize.o
LOAD .build/traps.o
LOAD .build/resched.o
LOAD .build/mmap.o
LOAD .build/uart.o
LOAD .build/plic.o
LOAD .build/timer.o
LOAD .build/msutil.o
LOAD .build/ms1.o
LOAD .build/barelib.o
LOAD .build/printf.o
LOAD .build/interrupts_asm.o
LOAD .build/msutil_asm.o
LOAD .build/bootstrap_asm.o
OUTPUT(.build/kernel.elf elf64-littleriscv)

.debug_info     0x0000000000000000     0x14a0
 .debug_info    0x0000000000000000      0x131 .build/initialize.o
 .debug_info    0x0000000000000131      0x158 .build/traps.o
 .debug_info    0x0000000000000289       0x8a .build/resched.o
 .debug_info    0x0000000000000313      0x134 .build/mmap.o
 .debug_info    0x0000000000000447      0x27b .build/uart.o
 .debug_info    0x00000000000006c2       0xe5 .build/plic.o
 .debug_info    0x00000000000007a7      0x150 .build/timer.o
 .debug_info    0x00000000000008f7      0x4e1 .build/msutil.o
 .debug_info    0x0000000000000dd8      0x38a .build/ms1.o
 .debug_info    0x0000000000001162       0xcd .build/barelib.o
 .debug_info    0x000000000000122f      0x1f7 .build/printf.o
 .debug_info    0x0000000000001426       0x28 .build/interrupts_asm.o
 .debug_info    0x000000000000144e       0x29 .build/msutil_asm.o
 .debug_info    0x0000000000001477       0x29 .build/bootstrap_asm.o

.debug_abbrev   0x0000000000000000      0xac1
 .debug_abbrev  0x0000000000000000       0xe0 .build/initialize.o
 .debug_abbrev  0x00000000000000e0      0x103 .build/traps.o
 .debug_abbrev  0x00000000000001e3       0x54 .build/resched.o
 .debug_abbrev  0x0000000000000237       0x68 .build/mmap.o
 .debug_abbrev  0x000000000000029f      0x179 .build/uart.o
 .debug_abbrev  0x0000000000000418       0xba .build/plic.o
 .debug_abbrev  0x00000000000004d2      0x10f .build/timer.o
 .debug_abbrev  0x00000000000005e1      0x1c5 .build/msutil.o
 .debug_abbrev  0x00000000000007a6      0x147 .build/ms1.o
 .debug_abbrev  0x00000000000008ed       0x7e .build/barelib.o
 .debug_abbrev  0x000000000000096b      0x11a .build/printf.o
 .debug_abbrev  0x0000000000000a85       0x14 .build/interrupts_asm.o
 .debug_abbrev  0x0000000000000a99       0x14 .build/msutil_asm.o
 .debug_abbrev  0x0000000000000aad       0x14 .build/bootstrap_asm.o

.debug_aranges  0x0000000000000000      0x290
 .debug_aranges
                0x0000000000000000       0x30 .build/initialize.o
 .debug_aranges
                0x0000000000000030       0x30 .build/traps.o
 .debug_aranges
                0x0000000000000060       0x30 .build/resched.o
 .debug_aranges
                0x0000000000000090       0x20 .build/mmap.o
 .debug_aranges
                0x00000000000000b0       0x30 .build/uart.o
 .debug_aranges
                0x00000000000000e0       0x30 .build/plic.o
 .debug_aranges
                0x0000000000000110       0x30 .build/timer.o
 .debug_aranges
                0x0000000000000140       0x30 .build/msutil.o
 .debug_aranges
                0x0000000000000170       0x30 .build/ms1.o
 .debug_aranges
                0x00000000000001a0       0x30 .build/barelib.o
 .debug_aranges
                0x00000000000001d0       0x30 .build/printf.o
 .debug_aranges
                0x0000000000000200       0x30 .build/interrupts_asm.o
 .debug_aranges
                0x0000000000000230       0x30 .build/msutil_asm.o
 .debug_aranges
                0x0000000000000260       0x30 .build/bootstrap_asm.o

.debug_line     0x0000000000000000     0x198d
 .debug_line    0x0000000000000000       0xc3 .build/initialize.o
 .debug_line    0x00000000000000c3       0xdd .build/traps.o
 .debug_line    0x00000000000001a0       0x67 .build/resched.o
 .debug_line    0x0000000000000207       0x43 .build/mmap.o
 .debug_line    0x000000000000024a      0x2ae .build/uart.o
 .debug_line    0x00000000000004f8       0xb6 .build/plic.o
 .debug_line    0x00000000000005ae       0xe6 .build/timer.o
 .debug_line    0x0000000000000694      0x675 .build/msutil.o
 .debug_line    0x0000000000000d09      0x580 .build/ms1.o
 .debug_line    0x0000000000001289      0x10a .build/barelib.o
 .debug_line    0x0000000000001393      0x276 .build/printf.o
 .debug_line    0x0000000000001609       0x88 .build/interrupts_asm.o
 .debug_line    0x0000000000001691      0x1b6 .build/msutil_asm.o
 .debug_line    0x0000000000001847      0x146 .build/bootstrap_asm.o

.debug_str      0x0000000000000000      0x5c5
 .debug_str     0x0000000000000000      0x5c5 .build/initialize.o
                                        0x14c (size before relaxing)
 .debug_str     0x00000000000005c5      0x152 .build/traps.o
 .debug_str     0x00000000000005c5       0xd1 .build/resched.o
 .debug_str     0x00000000000005c5      0x17c .build/mmap.o
 .debug_str     0x00000000000005c5      0x1b9 .build/uart.o
 .debug_str     0x00000000000005c5      0x11e .build/plic.o
 .debug_str     0x00000000000005c5      0x15a .build/timer.o
 .debug_str     0x00000000000005c5      0x212 .build/msutil.o
 .debug_str     0x00000000000005c5      0x23a .build/ms1.o
 .debug_str     0x00000000000005c5       0x7e .build/barelib.o
 .debug_str     0x00000000000005c5      0x134 .build/printf.o
 .debug_str     0x00000000000005c5       0x39 .build/interrupts_asm.o
 .debug_str     0x00000000000005c5       0x36 .build/msutil_asm.o
 .debug_str     0x00000000000005c5       0x2a .build/bootstrap_asm.o

.debug_line_str
                0x0000000000000000      0x18d
 .debug_line_str
                0x0000000000000000      0x18d .build/initialize.o
                                         0x96 (size before relaxing)
 .debug_line_str
                0x000000000000018d       0x71 .build/traps.o
 .debug_line_str
                0x000000000000018d       0x77 .build/resched.o
 .debug_line_str
                0x000000000000018d       0x6e .build/mmap.o
 .debug_line_str
                0x000000000000018d       0x7b .build/uart.o
 .debug_line_str
                0x000000000000018d       0x7b .build/plic.o
 .debug_line_str
                0x000000000000018d       0x7e .build/timer.o
 .debug_line_str
                0x000000000000018d       0x76 .build/msutil.o
 .debug_line_str
                0x000000000000018d       0x76 .build/ms1.o
 .debug_line_str
                0x000000000000018d       0x58 .build/barelib.o
 .debug_line_str
                0x000000000000018d       0x77 .build/printf.o
 .debug_line_str
                0x000000000000018d       0x2d .build/interrupts_asm.o
 .debug_line_str
                0x000000000000018d       0x2a .build/msutil_asm.o
 .debug_line_str
                0x000000000000018d       0x1e .build/bootstrap_asm.o

.comment        0x0000000000000000        0xf
 .comment       0x0000000000000000        0xf .build/initialize.o
                                         0x10 (size before relaxing)
 .comment       0x000000000000000f       0x10 .build/traps.o
 .comment       0x000000000000000f       0x10 .build/resched.o
 .comment       0x000000000000000f       0x10 .build/mmap.o
 .comment       0x000000000000000f       0x10 .build/uart.o
 .comment       0x000000000000000f       0x10 .build/plic.o
 .comment       0x000000000000000f       0x10 .build/timer.o
 .comment       0x000000000000000f       0x10 .build/msutil.o
 .comment       0x000000000000000f       0x10 .build/ms1.o
 .comment       0x000000000000000f       0x10 .build/barelib.o
 .comment       0x000000000000000f       0x10 .build/printf.o

.note.GNU-stack
                0x0000000000000000        0x0
 .note.GNU-stack
                0x0000000000000000        0x0 .build/initialize.o
 .note.GNU-stack
                0x0000000000000000        0x0 .build/traps.o
 .note.GNU-stack
                0x0000000000000000        0x0 .build/resched.o
 .note.GNU-stack
                0x0000000000000000        0x0 .build/mmap.o
 .note.GNU-stack
                0x0000000000000000        0x0 .build/uart.o
 .note.GNU-stack
                0x0000000000000000        0x0 .build/plic.o
 .note.GNU-stack
                0x0000000000000000        0x0 .build/timer.o
 .note.GNU-stack
                0x0000000000000000        0x0 .build/msutil.o
 .note.GNU-stack
                0x0000000000000000        0x0 .build/ms1.o
 .note.GNU-stack
                0x0000000000000000        0x0 .build/barelib.o
 .note.GNU-stack
                0x0000000000000000        0x0 .build/printf.o

.riscv.attributes
                0x0000000000000000       0x41
 .riscv.attributes
                0x0000000000000000       0x34 .build/initialize.o
 .riscv.attributes
                0x0000000000000034       0x38 .build/traps.o
 .riscv.attributes
                0x000000000000006c       0x34 .build/resched.o
 .riscv.attributes
                0x00000000000000a0       0x34 .build/mmap.o
 .riscv.attributes
                0x00000000000000d4       0x34 .build/uart.o
 .riscv.attributes
                0x0000000000000108       0x38 .build/plic.o
 .riscv.attributes
                0x0000000000000140       0x38 .build/timer.o
 .riscv.attributes
                0x0000000000000178       0x34 .build/msutil.o
 .riscv.attributes
                0x00000000000001ac       0x34 .build/ms1.o
 .riscv.attributes
                0x00000000000001e0       0x34 .build/barelib.o
 .riscv.attributes
                0x0000000000000214       0x34 .build/printf.o
 .riscv.attributes
                0x0000000000000248       0x3f .build/interrupts_asm.o
 .riscv.attributes
                0x0000000000000287       0x32 .build/msutil_asm.o
 .riscv.attributes
                0x00000000000002b9       0x3f .build/bootstrap_asm.o
