
There are no discarded input sections

Memory Configuration

Name             Origin             Length             Attributes
_sysmem          0x0000000080000000 0x0000000008000000 axw!rl
*default*        0x0000000000000000 0xffffffffffffffff

Linker script and memory map


.text           0x0000000080000000     0x17e8
                0x0000000080000000                PROVIDE (_mmap_text_start = ABSOLUTE (.))
 *(.text.entry)
 .text.entry    0x0000000080000000      0x16c .build/bootstrap_asm.o
                0x0000000080000074                __noop
 *(.text .text.*)
 .text          0x000000008000016c       0x42 .build/initialize.o
                0x000000008000016c                initialize
 .text          0x00000000800001ae       0xde .build/traps.o
                0x00000000800001ae                __sys_capture_syscall
                0x00000000800001bc                raise_syscall
                0x0000000080000208                handle_exception
 .text          0x000000008000028c       0x10 .build/resched.o
                0x000000008000028c                resched
 .text          0x000000008000029c        0x0 .build/mmap.o
 .text          0x000000008000029c      0x2b0 .build/uart.o
                0x000000008000029c                __sys_putc
                0x00000000800002e2                __sys_getc
                0x0000000080000344                uart_putc
                0x0000000080000370                uart_getc
                0x0000000080000390                set_uart_interrupt
                0x0000000080000402                uart_handler
                0x0000000080000454                uart_init
 .text          0x000000008000054c       0xa0 .build/plic.o
                0x000000008000054c                plic_init
                0x0000000080000578                handle_plic
 .text          0x00000000800005ec       0xca .build/timer.o
                0x00000000800005ec                clk_init
                0x0000000080000618                handle_clk
 .text          0x00000000800006b6      0x698 .build/msutil.o
                0x00000000800006b6                _prep_stdin
                0x0000000080000718                syscall_tester
                0x0000000080000766                getc_tester
                0x00000000800007d2                putc_tester
                0x0000000080000886                _psudoprint
                0x00000000800008c8                __clear_string
                0x000000008000095a                __test_template
                0x0000000080000a74                __test_string
                0x0000000080000b1c                _copy_string
                0x0000000080000b60                _copy_hex
                0x0000000080000c5c                _copy_dec
 .text          0x0000000080000d4e      0x720 .build/ms1.o
                0x0000000080000d4e                __ms1
 .text          0x000000008000146e       0x9a .build/barelib.o
                0x000000008000146e                memset
                0x00000000800014ba                memcpy
 .text          0x0000000080001508       0xd2 .build/printf.o
                0x0000000080001508                printf
 .text          0x00000000800015da       0x20 .build/interrupts_asm.o
                0x00000000800015da                set_interrupt
                0x00000000800015e0                disable_interrupts
                0x00000000800015e6                enable_interrupts
                0x00000000800015ec                restore_interrupts
                0x00000000800015f2                is_interrupting
 .text          0x00000000800015fa      0x1ec .build/msutil_asm.o
                0x00000000800016fa                _ms_recovery_status
                0x00000000800016fe                _ms_recover
                0x0000000080001708                _ms_safe_call
 .text          0x00000000800017e6        0x0 .build/bootstrap_asm.o
                0x00000000800017e8                . = ALIGN (0x4)
 *fill*         0x00000000800017e6        0x2 
                0x00000000800017e8                PROVIDE (_mmap_text_end = ABSOLUTE (.))

.rodata         0x0000000080002000      0x75b
                0x0000000080002000                PROVIDE (_mmap_data_start = ABSOLUTE (.))
 *(.srodata .srodata.*)
 .srodata       0x0000000080002000        0x4 .build/timer.o
                0x0000000080002000                timer_interval
 *(.rodata .rodata.*)
 *fill*         0x0000000080002004        0x4 
 .rodata        0x0000000080002008        0x8 .build/initialize.o
 .rodata        0x0000000080002010      0x74b .build/ms1.o

.eh_frame       0x0000000080002760      0x5a4
 .eh_frame      0x0000000080002760       0x40 .build/initialize.o
 .eh_frame      0x00000000800027a0       0xb8 .build/traps.o
                                         0xc8 (size before relaxing)
 .eh_frame      0x0000000080002858       0x28 .build/resched.o
                                         0x38 (size before relaxing)
 .eh_frame      0x0000000080002880      0x110 .build/uart.o
                                        0x120 (size before relaxing)
 .eh_frame      0x0000000080002990       0x90 .build/plic.o
                                         0xa8 (size before relaxing)
 .eh_frame      0x0000000080002a20       0x90 .build/timer.o
                                         0xa8 (size before relaxing)
 .eh_frame      0x0000000080002ab0      0x1b0 .build/msutil.o
                                        0x1c0 (size before relaxing)
 .eh_frame      0x0000000080002c60       0x30 .build/ms1.o
                                         0x40 (size before relaxing)
 .eh_frame      0x0000000080002c90       0x48 .build/barelib.o
                                         0x60 (size before relaxing)
 .eh_frame      0x0000000080002cd8       0x2c .build/printf.o
                                         0x40 (size before relaxing)

.rela.dyn       0x0000000080002d08        0x0
 .rela.sdata    0x0000000080002d08        0x0 .build/initialize.o
 .rela.text.entry
                0x0000000080002d08        0x0 .build/initialize.o

.data           0x0000000080002d08       0xd0
                [!provide]                        PROVIDE (_mmap_write_start = ABSOLUTE (.))
 *(.sdata .sdata.*)
 .sdata         0x0000000080002d08       0x14 .build/traps.o
                0x0000000080002d08                syscall_table
                0x0000000080002d10                sys_syscall_hook
 *fill*         0x0000000080002d1c        0x4 
 .sdata         0x0000000080002d20       0x38 .build/mmap.o
                0x0000000080002d20                text_start
                0x0000000080002d28                text_end
                0x0000000080002d30                data_start
                0x0000000080002d38                data_end
                0x0000000080002d40                bss_start
                0x0000000080002d48                mem_start
                0x0000000080002d50                mem_end
 .sdata         0x0000000080002d58       0x10 .build/uart.o
                0x0000000080002d58                sys_putc_hook
                0x0000000080002d60                sys_getc_hook
 .sdata         0x0000000080002d68        0x8 .build/timer.o
                0x0000000080002d68                clint_timer_addr
 .sdata         0x0000000080002d70        0xc .build/msutil.o
                0x0000000080002d70                __ms_stdout_expects
                0x0000000080002d74                __ms_stdin_expects
                0x0000000080002d78                __ms_syscall_expects
 *(.data .data.*)
 .data          0x0000000080002d7c        0x0 .build/initialize.o
 .data          0x0000000080002d7c        0x0 .build/traps.o
 .data          0x0000000080002d7c        0x0 .build/resched.o
 .data          0x0000000080002d7c        0x0 .build/mmap.o
 .data          0x0000000080002d7c        0x0 .build/uart.o
 .data          0x0000000080002d7c        0x0 .build/plic.o
 .data          0x0000000080002d7c        0x0 .build/timer.o
 .data          0x0000000080002d7c        0x0 .build/msutil.o
 *fill*         0x0000000080002d7c        0x4 
 .data          0x0000000080002d80       0x58 .build/ms1.o
                0x0000000080002d80                __ms1_general_tests
                0x0000000080002d90                __ms1_printf_tests
                0x0000000080002db0                __ms1_init_tests
 .data          0x0000000080002dd8        0x0 .build/barelib.o
 .data          0x0000000080002dd8        0x0 .build/printf.o
 .data          0x0000000080002dd8        0x0 .build/interrupts_asm.o
 .data          0x0000000080002dd8        0x0 .build/msutil_asm.o
 .data          0x0000000080002dd8        0x0 .build/bootstrap_asm.o
                0x0000000080002dd8                PROVIDE (_mmap_data_end = ABSOLUTE (.))

.bss            0x0000000080002dd8      0x898
                0x0000000080002dd8                PROVIDE (_mmap_bss_start = ABSOLUTE (.))
 *(.sbss .sbss.*)
 .sbss          0x0000000080002dd8        0x4 .build/initialize.o
                0x0000000080002dd8                boot_complete
 *fill*         0x0000000080002ddc        0x4 
 .sbss          0x0000000080002de0       0x18 .build/msutil.o
                0x0000000080002de0                __ms_stdout_search
                0x0000000080002de8                oldhook_out
                0x0000000080002df0                oldhook_in
 *(.bss .bss.*)
 .bss           0x0000000080002df8        0x0 .build/initialize.o
 .bss           0x0000000080002df8        0x4 .build/traps.o
 .bss           0x0000000080002dfc        0x0 .build/resched.o
 .bss           0x0000000080002dfc        0x0 .build/mmap.o
 *fill*         0x0000000080002dfc        0x4 
 .bss           0x0000000080002e00       0x10 .build/uart.o
 .bss           0x0000000080002e10        0x0 .build/plic.o
 .bss           0x0000000080002e10        0x0 .build/timer.o
 .bss           0x0000000080002e10      0x808 .build/msutil.o
 .bss           0x0000000080003618       0x58 .build/ms1.o
                0x0000000080003618                __ms1_general
                0x0000000080003628                __ms1_printf
                0x0000000080003648                __ms1_init
 .bss           0x0000000080003670        0x0 .build/barelib.o
 .bss           0x0000000080003670        0x0 .build/printf.o
 .bss           0x0000000080003670        0x0 .build/interrupts_asm.o
 .bss           0x0000000080003670        0x0 .build/msutil_asm.o
 .bss           0x0000000080003670        0x0 .build/bootstrap_asm.o
                [!provide]                        PROVIDE (_mmap_bss_end = ABSOLUTE (.))
                0x000000008000b670                . = (. + 0x8000)
                0x000000008000b670                PROVIDE (_mmap_kstack_top = ABSOLUTE (.))
                0x000000008000c670                . = (. + 0x1000)
                0x0000000080002800                PROVIDE (_mmap_global_ptr = (_mmap_data_start + 0x800))
                0x000000008000c670                PROVIDE (_mmap_mem_start = ABSOLUTE (.))
                0x0000000087ffffff                PROVIDE (_mmap_mem_end = ((ORIGIN (_sysmem) + LENGTH (_sysmem)) - 0x1))
LOAD .build/initialize.o
LOAD .build/traps.o
LOAD .build/resched.o
LOAD .build/mmap.o
LOAD .build/uart.o
LOAD .build/plic.o
LOAD .build/timer.o
LOAD .build/msutil.o
LOAD .build/ms1.o
LOAD .build/barelib.o
LOAD .build/printf.o
LOAD .build/interrupts_asm.o
LOAD .build/msutil_asm.o
LOAD .build/bootstrap_asm.o
OUTPUT(.build/kernel.elf elf64-littleriscv)

.debug_info     0x0000000000000000     0x1370
 .debug_info    0x0000000000000000       0xfd .build/initialize.o
 .debug_info    0x00000000000000fd      0x158 .build/traps.o
 .debug_info    0x0000000000000255       0x8a .build/resched.o
 .debug_info    0x00000000000002df      0x134 .build/mmap.o
 .debug_info    0x0000000000000413      0x27b .build/uart.o
 .debug_info    0x000000000000068e       0xe5 .build/plic.o
 .debug_info    0x0000000000000773      0x150 .build/timer.o
 .debug_info    0x00000000000008c3      0x4e1 .build/msutil.o
 .debug_info    0x0000000000000da4      0x38a .build/ms1.o
 .debug_info    0x000000000000112e       0xcd .build/barelib.o
 .debug_info    0x00000000000011fb       0xfb .build/printf.o
 .debug_info    0x00000000000012f6       0x28 .build/interrupts_asm.o
 .debug_info    0x000000000000131e       0x29 .build/msutil_asm.o
 .debug_info    0x0000000000001347       0x29 .build/bootstrap_asm.o

.debug_abbrev   0x0000000000000000      0xa6b
 .debug_abbrev  0x0000000000000000       0xdf .build/initialize.o
 .debug_abbrev  0x00000000000000df      0x103 .build/traps.o
 .debug_abbrev  0x00000000000001e2       0x54 .build/resched.o
 .debug_abbrev  0x0000000000000236       0x68 .build/mmap.o
 .debug_abbrev  0x000000000000029e      0x179 .build/uart.o
 .debug_abbrev  0x0000000000000417       0xba .build/plic.o
 .debug_abbrev  0x00000000000004d1      0x10f .build/timer.o
 .debug_abbrev  0x00000000000005e0      0x1c5 .build/msutil.o
 .debug_abbrev  0x00000000000007a5      0x147 .build/ms1.o
 .debug_abbrev  0x00000000000008ec       0x7e .build/barelib.o
 .debug_abbrev  0x000000000000096a       0xc5 .build/printf.o
 .debug_abbrev  0x0000000000000a2f       0x14 .build/interrupts_asm.o
 .debug_abbrev  0x0000000000000a43       0x14 .build/msutil_asm.o
 .debug_abbrev  0x0000000000000a57       0x14 .build/bootstrap_asm.o

.debug_aranges  0x0000000000000000      0x290
 .debug_aranges
                0x0000000000000000       0x30 .build/initialize.o
 .debug_aranges
                0x0000000000000030       0x30 .build/traps.o
 .debug_aranges
                0x0000000000000060       0x30 .build/resched.o
 .debug_aranges
                0x0000000000000090       0x20 .build/mmap.o
 .debug_aranges
                0x00000000000000b0       0x30 .build/uart.o
 .debug_aranges
                0x00000000000000e0       0x30 .build/plic.o
 .debug_aranges
                0x0000000000000110       0x30 .build/timer.o
 .debug_aranges
                0x0000000000000140       0x30 .build/msutil.o
 .debug_aranges
                0x0000000000000170       0x30 .build/ms1.o
 .debug_aranges
                0x00000000000001a0       0x30 .build/barelib.o
 .debug_aranges
                0x00000000000001d0       0x30 .build/printf.o
 .debug_aranges
                0x0000000000000200       0x30 .build/interrupts_asm.o
 .debug_aranges
                0x0000000000000230       0x30 .build/msutil_asm.o
 .debug_aranges
                0x0000000000000260       0x30 .build/bootstrap_asm.o

.debug_line     0x0000000000000000     0x17e5
 .debug_line    0x0000000000000000       0x91 .build/initialize.o
 .debug_line    0x0000000000000091       0xdd .build/traps.o
 .debug_line    0x000000000000016e       0x67 .build/resched.o
 .debug_line    0x00000000000001d5       0x43 .build/mmap.o
 .debug_line    0x0000000000000218      0x2ae .build/uart.o
 .debug_line    0x00000000000004c6       0xb6 .build/plic.o
 .debug_line    0x000000000000057c       0xe6 .build/timer.o
 .debug_line    0x0000000000000662      0x675 .build/msutil.o
 .debug_line    0x0000000000000cd7      0x580 .build/ms1.o
 .debug_line    0x0000000000001257      0x10a .build/barelib.o
 .debug_line    0x0000000000001361      0x100 .build/printf.o
 .debug_line    0x0000000000001461       0x88 .build/interrupts_asm.o
 .debug_line    0x00000000000014e9      0x1b6 .build/msutil_asm.o
 .debug_line    0x000000000000169f      0x146 .build/bootstrap_asm.o

.debug_str      0x0000000000000000      0x5a1
 .debug_str     0x0000000000000000      0x5a1 .build/initialize.o
                                        0x124 (size before relaxing)
 .debug_str     0x00000000000005a1      0x152 .build/traps.o
 .debug_str     0x00000000000005a1       0xd1 .build/resched.o
 .debug_str     0x00000000000005a1      0x17c .build/mmap.o
 .debug_str     0x00000000000005a1      0x1b9 .build/uart.o
 .debug_str     0x00000000000005a1      0x11e .build/plic.o
 .debug_str     0x00000000000005a1      0x15a .build/timer.o
 .debug_str     0x00000000000005a1      0x212 .build/msutil.o
 .debug_str     0x00000000000005a1      0x23a .build/ms1.o
 .debug_str     0x00000000000005a1       0x7e .build/barelib.o
 .debug_str     0x00000000000005a1      0x109 .build/printf.o
 .debug_str     0x00000000000005a1       0x39 .build/interrupts_asm.o
 .debug_str     0x00000000000005a1       0x36 .build/msutil_asm.o
 .debug_str     0x00000000000005a1       0x2a .build/bootstrap_asm.o

.debug_line_str
                0x0000000000000000      0x18d
 .debug_line_str
                0x0000000000000000      0x18d .build/initialize.o
                                         0x96 (size before relaxing)
 .debug_line_str
                0x000000000000018d       0x71 .build/traps.o
 .debug_line_str
                0x000000000000018d       0x77 .build/resched.o
 .debug_line_str
                0x000000000000018d       0x6e .build/mmap.o
 .debug_line_str
                0x000000000000018d       0x7b .build/uart.o
 .debug_line_str
                0x000000000000018d       0x7b .build/plic.o
 .debug_line_str
                0x000000000000018d       0x7e .build/timer.o
 .debug_line_str
                0x000000000000018d       0x76 .build/msutil.o
 .debug_line_str
                0x000000000000018d       0x76 .build/ms1.o
 .debug_line_str
                0x000000000000018d       0x58 .build/barelib.o
 .debug_line_str
                0x000000000000018d       0x77 .build/printf.o
 .debug_line_str
                0x000000000000018d       0x2d .build/interrupts_asm.o
 .debug_line_str
                0x000000000000018d       0x2a .build/msutil_asm.o
 .debug_line_str
                0x000000000000018d       0x1e .build/bootstrap_asm.o

.comment        0x0000000000000000        0xf
 .comment       0x0000000000000000        0xf .build/initialize.o
                                         0x10 (size before relaxing)
 .comment       0x000000000000000f       0x10 .build/traps.o
 .comment       0x000000000000000f       0x10 .build/resched.o
 .comment       0x000000000000000f       0x10 .build/mmap.o
 .comment       0x000000000000000f       0x10 .build/uart.o
 .comment       0x000000000000000f       0x10 .build/plic.o
 .comment       0x000000000000000f       0x10 .build/timer.o
 .comment       0x000000000000000f       0x10 .build/msutil.o
 .comment       0x000000000000000f       0x10 .build/ms1.o
 .comment       0x000000000000000f       0x10 .build/barelib.o
 .comment       0x000000000000000f       0x10 .build/printf.o

.note.GNU-stack
                0x0000000000000000        0x0
 .note.GNU-stack
                0x0000000000000000        0x0 .build/initialize.o
 .note.GNU-stack
                0x0000000000000000        0x0 .build/traps.o
 .note.GNU-stack
                0x0000000000000000        0x0 .build/resched.o
 .note.GNU-stack
                0x0000000000000000        0x0 .build/mmap.o
 .note.GNU-stack
                0x0000000000000000        0x0 .build/uart.o
 .note.GNU-stack
                0x0000000000000000        0x0 .build/plic.o
 .note.GNU-stack
                0x0000000000000000        0x0 .build/timer.o
 .note.GNU-stack
                0x0000000000000000        0x0 .build/msutil.o
 .note.GNU-stack
                0x0000000000000000        0x0 .build/ms1.o
 .note.GNU-stack
                0x0000000000000000        0x0 .build/barelib.o
 .note.GNU-stack
                0x0000000000000000        0x0 .build/printf.o

.riscv.attributes
                0x0000000000000000       0x41
 .riscv.attributes
                0x0000000000000000       0x34 .build/initialize.o
 .riscv.attributes
                0x0000000000000034       0x38 .build/traps.o
 .riscv.attributes
                0x000000000000006c       0x34 .build/resched.o
 .riscv.attributes
                0x00000000000000a0       0x34 .build/mmap.o
 .riscv.attributes
                0x00000000000000d4       0x34 .build/uart.o
 .riscv.attributes
                0x0000000000000108       0x38 .build/plic.o
 .riscv.attributes
                0x0000000000000140       0x38 .build/timer.o
 .riscv.attributes
                0x0000000000000178       0x34 .build/msutil.o
 .riscv.attributes
                0x00000000000001ac       0x34 .build/ms1.o
 .riscv.attributes
                0x00000000000001e0       0x34 .build/barelib.o
 .riscv.attributes
                0x0000000000000214       0x34 .build/printf.o
 .riscv.attributes
                0x0000000000000248       0x3f .build/interrupts_asm.o
 .riscv.attributes
                0x0000000000000287       0x32 .build/msutil_asm.o
 .riscv.attributes
                0x00000000000002b9       0x3f .build/bootstrap_asm.o
